// Vitest Snapshot v1, https://vitest.dev/guide/snapshot.html

exports[`golden adjectives > derives the same adjectives with the same draws 1`] = `
[
  "Zhang Guo → Zhang (0)",
  "Magyarorszag → Magyar (0)",
  "Kisorszag → Kis (0)",
  "Kazakhstan → Kazakh (0)",
  "Turkmenistan → Turkmen (0)",
  "England → English (0)",
  "Ireland → Irelandic (0)",
  "Swaziland → Swazish (0)",
  "Martinique → Martinican (0)",
  "Ardalia → Ardalian (0)",
  "Morocco → Moroccan (0)",
  "Peru → Peruan (0)",
  "Haiti → Haitian (0)",
  "Lorraine → Lorrainean (0)",
  "Uruguay → Uruguayan (0)",
  "Thasos → Thasian (0)",
  "Lemnos → Lemnian (0)",
  "Achaeos → Achaeo (0)",
  "Hebrides → Hebridian (0)",
  "Bes → Bian (0)",
  "Nepal → Nepalese (1) | Nepal (6) | Nepalese (1) | Nepal (6)",
  "Senegal → Senegalese (1)",
  "Lorvan → Lorvanese (2)",
  "Japan → Japanese (2)",
  "Baghdad → Baghdadian (3)",
  "Chad → Chadian (3) | Chadan (6) | Chadian (3) | Chadian (3)",
  "Sudan → Sudanese (2)",
  "Taiwan → Taiwanese (2)",
  "Orwyth → Orwythan (6) | Orwytish (5) | Orwytish (5) | Orwyth (6)",
  "Kestrel → Kestrelese (1) | Kestrelese (1) | Kestrelese (1) | Kestrelan (6)",
  "Brythm → Brythman (6) | Brythish (5) | Brythman (6) | Brythman (6)",
  "Qx → Qx (6) | Qx (6) | Qx (6) | Qxan (6)",
  "Ash-Kar → Ash-Kar (6)",
]
`;

exports[`golden religion names > names every form the same way 1`] = `
[
  "Folk/Shamanism → Elvari Shamanism [culture] (2)",
  "Folk/Shamanism → Elvari Beliefs [culture] (2)",
  "Folk/Shamanism → Elvari Spirits [culture] (2)",
  "Folk/Shamanism → Elvari Shamanism [culture] (2)",
  "Folk/Shamanism → Elvari Spirits [culture] (2)",
  "Folk/Shamanism → Elvari Beliefs [culture] (2)",
  "Folk/Shamanism → Elvari Druidism [culture] (2)",
  "Folk/Shamanism → Elvari Beliefs [culture] (2)",
  "Folk/Animism → Elvari Beliefs [culture] (2)",
  "Folk/Animism → Elvari Beliefs [culture] (2)",
  "Folk/Animism → Elvari Spirits [culture] (2)",
  "Folk/Animism → Elvari Beliefs [culture] (2)",
  "Folk/Animism → Elvari Beliefs [culture] (2)",
  "Folk/Animism → Elvari Spirits [culture] (2)",
  "Folk/Animism → Elvari Spirits [culture] (2)",
  "Folk/Animism → Elvari Beliefs [culture] (2)",
  "Folk/Polytheism → Ardalese Deities [state] (3)",
  "Folk/Polytheism → Elvari Pantheon [culture] (2)",
  "Folk/Polytheism → Thalor Pantheon [global] (2)",
  "Folk/Polytheism → Lorvanese Pantheon [state] (4)",
  "Folk/Polytheism → Ardalism [state] (2)",
  "Folk/Polytheism → Deities of the Guardian of the West [global] (5)",
  "Folk/Polytheism → Gods of the Wise Crane [global] (5)",
  "Folk/Polytheism → Brennic Deities [global] (2)",
  "Folk/Ancestor Worship → Elvari Forefathers [culture] (2)",
  "Folk/Ancestor Worship → Elvari Ancestors [culture] (2)",
  "Folk/Ancestor Worship → Elvari Ancestors [culture] (2)",
  "Folk/Ancestor Worship → Elvari Forefathers [culture] (2)",
  "Folk/Ancestor Worship → Elvari Beliefs [culture] (2)",
  "Folk/Ancestor Worship → Elvari Ancestors [culture] (2)",
  "Folk/Ancestor Worship → Elvari Ancestors [culture] (2)",
  "Folk/Ancestor Worship → Elvari Forefathers [culture] (2)",
  "Folk/Nature Worship → Elvari Spirits [culture] (2)",
  "Folk/Nature Worship → Elvari Druids [culture] (2)",
  "Folk/Nature Worship → Elvari Spirits [culture] (2)",
  "Folk/Nature Worship → Elvari Beliefs [culture] (2)",
  "Folk/Nature Worship → Elvari Druids [culture] (2)",
  "Folk/Nature Worship → Elvari Beliefs [culture] (2)",
  "Folk/Nature Worship → Elvari Druids [culture] (2)",
  "Folk/Nature Worship → Elvari Beliefs [culture] (2)",
  "Folk/Totemism → Elvari Idols [culture] (2)",
  "Folk/Totemism → Elvari Totems [culture] (2)",
  "Folk/Totemism → Elvari Beliefs [culture] (2)",
  "Folk/Totemism → Elvari Totems [culture] (2)",
  "Folk/Totemism → Elvari Idols [culture] (2)",
  "Folk/Totemism → Elvari Totems [culture] (2)",
  "Folk/Totemism → Elvari Totems [culture] (2)",
  "Folk/Totemism → Elvari Beliefs [culture] (2)",
  "Organized/Polytheism → Elvari Pantheon [culture] (2)",
  "Organized/Polytheism → Lorvanese Pantheon [state] (4)",
  "Organized/Polytheism → Ardalese Pantheon [state] (3)",
  "Organized/Polytheism → Elvarism [culture] (2)",
  "Organized/Polytheism → Elvari Gods [culture] (2)",
  "Organized/Polytheism → Lorvanese Pantheon [state] (4)",
  "Organized/Polytheism → Pantheon of the Magenta Manticore [global] (5)",
  "Organized/Polytheism → Pantheon of the Indigo Basilisk [global] (5)",
  "Organized/Monotheism → Ashwynism [global] (2)",
  "Organized/Monotheism → Toranism [global] (2)",
  "Organized/Monotheism → Ardalese Church [state] (3)",
  "Organized/Monotheism → Kesrism [global] (2)",
  "Organized/Monotheism → Elvari Faith [culture] (2)",
  "Organized/Monotheism → Word of Toran [global] (3)",
  "Organized/Monotheism → Orvandism [global] (2)",
  "Organized/Monotheism → Lorvish Church [state] (7)",
  "Organized/Dualism → Elvari Faith [culture] (2)",
  "Organized/Dualism → Thalorism [global] (2)",
  "Organized/Dualism → Religion of the Brutal Goddess [global] (5)",
  "Organized/Dualism → Lorvanese Religion [state] (4)",
  "Organized/Dualism → Elvarism [culture] (2)",
  "Organized/Dualism → Elvari Religion [culture] (2)",
  "Organized/Dualism → Religion of the Good Crocodile [global] (5)",
  "Organized/Dualism → Elvari Religion [culture] (2)",
  "Organized/Pantheism → Faith of the Blond Vulture [global] (5)",
  "Organized/Pantheism → Elvarism [culture] (2)",
  "Organized/Pantheism → Elvarism [culture] (2)",
  "Organized/Pantheism → Brennic Religion [global] (2)",
  "Organized/Pantheism → Ardalese Faith [state] (3)",
  "Organized/Pantheism → Elvari Religion [culture] (2)",
  "Organized/Pantheism → Elvari Religion [culture] (2)",
  "Organized/Pantheism → Elvarism [culture] (2)",
  "Organized/Non-theism → Ashwynism [global] (2)",
  "Organized/Non-theism → Elvari Spirits [culture] (2)",
  "Organized/Non-theism → Kesra Beliefs [global] (2)",
  "Organized/Non-theism → Lorvanese Beliefs [state] (4)",
  "Organized/Non-theism → Ardalan Spirits [state] (8)",
  "Organized/Non-theism → Lorvanese Beliefs [state] (4)",
  "Organized/Non-theism → Ardalese Spirits [state] (3)",
  "Organized/Non-theism → Elvari Beliefs [culture] (2)",
  "Organized/Syncretism → Ardalese Faith [state] (3)",
  "Organized/Syncretism → Orvandism [global] (2)",
  "Organized/Syncretism → Thalorism [global] (2)",
  "Organized/Syncretism → Lorvanism [state] (2)",
  "Organized/Syncretism → Elvarism [culture] (2)",
  "Organized/Syncretism → Brennicism [global] (2)",
  "Organized/Syncretism → Elvarism [culture] (2)",
  "Organized/Syncretism → Lorvanism [state] (2)",
  "Organized/Philosophical → Elvari Doctrine [culture] (2)",
  "Organized/Philosophical → Elvarism [culture] (2)",
  "Organized/Philosophical → Elvari School [culture] (2)",
  "Organized/Philosophical → Elvarism [culture] (2)",
  "Organized/Philosophical → Ardalese Doctrine [state] (3)",
  "Organized/Philosophical → Lorvanese Doctrine [state] (4)",
  "Organized/Philosophical → Ardalese Philosophy [state] (3)",
  "Organized/Philosophical → Elvari Philosophy [culture] (2)",
  "Organized/Ethical → Elvarism [culture] (2)",
  "Organized/Ethical → Elvarism [culture] (2)",
  "Organized/Ethical → Elvari Ethics [culture] (2)",
  "Organized/Ethical → Ashwyn Ethics [global] (2)",
  "Organized/Ethical → Elvarism [culture] (2)",
  "Organized/Ethical → Kesrism [global] (2)",
  "Organized/Ethical → Elvarism [culture] (2)",
  "Organized/Ethical → Elvari Precepts [culture] (2)",
  "Organized/Deism → Ardalese Religion [state] (3)",
  "Organized/Deism → Elvari Church [culture] (2)",
  "Organized/Deism → Way of Toran [global] (3)",
  "Organized/Deism → Orvandism [global] (2)",
  "Organized/Deism → Path of Toran [global] (3)",
  "Organized/Deism → Thalorism [global] (2)",
  "Organized/Deism → Ardalese Faith [state] (3)",
  "Organized/Deism → Brennic Faith [global] (2)",
  "Organized/Henotheism → Elvari Pantheon [culture] (2)",
  "Organized/Henotheism → Elvarism [culture] (2)",
  "Organized/Henotheism → Elvari Religion [culture] (2)",
  "Organized/Henotheism → Elvari Faith [culture] (2)",
  "Organized/Henotheism → Elvari Pantheon [culture] (2)",
  "Organized/Henotheism → Lorvanese Pantheon [state] (4)",
  "Organized/Henotheism → Ardal Gods [state] (8)",
  "Organized/Henotheism → Lorvanese Faith [state] (4)",
  "Cult/Cult → Mysticism of the Four [global] (4)",
  "Cult/Cult → Ashwynese Worship [global] (4)",
  "Cult/Cult → Arcanum of the Lucky Vulture [global] (5)",
  "Cult/Cult → Sect of the Teal Rook [global] (5)",
  "Cult/Cult → Kesran Cult [global] (2)",
  "Cult/Cult → Cult of the Light Pegasus [global] (5)",
  "Cult/Cult → Orvandan Cult [global] (8)",
  "Cult/Cult → Cult of the Yellow Springs [global] (5)",
  "Cult/Dark Cult → Blasphemy of the Enlightened Being [global] (4)",
  "Cult/Dark Cult → Lorvanese Cult [global] (4)",
  "Cult/Dark Cult → Cult of the Red Council [global] (5)",
  "Cult/Dark Cult → Cult of the Plum Dog [global] (5)",
  "Cult/Dark Cult → Thalor Coven [global] (8)",
  "Cult/Dark Cult → Lorvanese Occultism [global] (4)",
  "Cult/Dark Cult → Cult of the Lost [global] (4)",
  "Cult/Dark Cult → Blasphemy of the Light Lion [global] (5)",
  "Cult/Sect → Brennican Brotherhood [global] (8)",
  "Cult/Sect → Lorvanese Sect [global] (4)",
  "Cult/Sect → Way of the Secret Hierarch [global] (5)",
  "Cult/Sect → Sect of the Naval Divine One [global] (5)",
  "Cult/Sect → Ashwish Sect [global] (7)",
  "Cult/Sect → Way of the Brother [global] (4)",
  "Cult/Sect → Ardalese Sect [global] (3)",
  "Cult/Sect → Circle of the Bronze Crow [global] (5)",
  "Heresy/Heresy → Kesrism [global] (2)",
  "Heresy/Heresy → Lorvanese Schism [global] (4)",
  "Heresy/Heresy → Orvandism [global] (2)",
  "Heresy/Heresy → Thalor Heresy [global] (8)",
  "Heresy/Heresy → Brennicism [global] (2)",
  "Heresy/Heresy → Ashwynism [global] (2)",
  "Heresy/Heresy → Ardalan Society [global] (8)",
  "Heresy/Heresy → Lorvanian Heresy [global] (6)",
]
`;

exports[`golden state full names > composes the same full name for every form 1`] = `
[
  "Beylik + "Ardalia" → Beylik of Ardalia (0)",
  "Beylik + "Lorvan" → Beylik of Lorvan (0)",
  "Beylik + "Kisorszag" → Beylik of Kisorszag (0)",
  "Beylik + "Nova Terra" → Beylik of Nova Terra (0)",
  "Beylik + "Ash-Kar" → Beylik of Ash-Kar (0)",
  "Beylik + "" → The Beylik (0)",
  "Despotate + "Ardalia" → Ardalian Despotate (0)",
  "Despotate + "Lorvan" → Lorvanian Despotate (4)",
  "Despotate + "Kisorszag" → Kis Despotate (0)",
  "Despotate + "Nova Terra" → Despotate of Nova Terra (0)",
  "Despotate + "Ash-Kar" → Despotate of Ash-Kar (0)",
  "Despotate + "" → The Despotate (0)",
  "Dominion + "Ardalia" → Dominion of Ardalia (0)",
  "Dominion + "Lorvan" → Dominion of Lorvan (0)",
  "Dominion + "Kisorszag" → Dominion of Kisorszag (0)",
  "Dominion + "Nova Terra" → Dominion of Nova Terra (0)",
  "Dominion + "Ash-Kar" → Dominion of Ash-Kar (0)",
  "Dominion + "" → The Dominion (0)",
  "Duchy + "Ardalia" → Duchy of Ardalia (0)",
  "Duchy + "Lorvan" → Duchy of Lorvan (0)",
  "Duchy + "Kisorszag" → Duchy of Kisorszag (0)",
  "Duchy + "Nova Terra" → Duchy of Nova Terra (0)",
  "Duchy + "Ash-Kar" → Duchy of Ash-Kar (0)",
  "Duchy + "" → The Duchy (0)",
  "Emirate + "Ardalia" → Emirate of Ardalia (0)",
  "Emirate + "Lorvan" → Emirate of Lorvan (0)",
  "Emirate + "Kisorszag" → Emirate of Kisorszag (0)",
  "Emirate + "Nova Terra" → Emirate of Nova Terra (0)",
  "Emirate + "Ash-Kar" → Emirate of Ash-Kar (0)",
  "Emirate + "" → The Emirate (0)",
  "Empire + "Ardalia" → Ardalian Empire (0)",
  "Empire + "Lorvan" → Lorvanese Empire (2)",
  "Empire + "Kisorszag" → Kis Empire (0)",
  "Empire + "Nova Terra" → Empire of Nova Terra (0)",
  "Empire + "Ash-Kar" → Empire of Ash-Kar (0)",
  "Empire + "" → The Empire (0)",
  "Horde + "Ardalia" → Ardalian Horde (0)",
  "Horde + "Lorvan" → Lorvanese Horde (2)",
  "Horde + "Kisorszag" → Kis Horde (0)",
  "Horde + "Nova Terra" → Horde of Nova Terra (0)",
  "Horde + "Ash-Kar" → Horde of Ash-Kar (0)",
  "Horde + "" → The Horde (0)",
  "Grand Duchy + "Ardalia" → Grand Duchy of Ardalia (0)",
  "Grand Duchy + "Lorvan" → Grand Duchy of Lorvan (0)",
  "Grand Duchy + "Kisorszag" → Grand Duchy of Kisorszag (0)",
  "Grand Duchy + "Nova Terra" → Grand Duchy of Nova Terra (0)",
  "Grand Duchy + "Ash-Kar" → Grand Duchy of Ash-Kar (0)",
  "Grand Duchy + "" → The Grand Duchy (0)",
  "Heptarchy + "Ardalia" → Heptarchy of Ardalia (0)",
  "Heptarchy + "Lorvan" → Heptarchy of Lorvan (0)",
  "Heptarchy + "Kisorszag" → Heptarchy of Kisorszag (0)",
  "Heptarchy + "Nova Terra" → Heptarchy of Nova Terra (0)",
  "Heptarchy + "Ash-Kar" → Heptarchy of Ash-Kar (0)",
  "Heptarchy + "" → The Heptarchy (0)",
  "Khaganate + "Ardalia" → Ardalian Khaganate (0)",
  "Khaganate + "Lorvan" → Lorvanese Khaganate (2)",
  "Khaganate + "Kisorszag" → Kis Khaganate (0)",
  "Khaganate + "Nova Terra" → Khaganate of Nova Terra (0)",
  "Khaganate + "Ash-Kar" → Khaganate of Ash-Kar (0)",
  "Khaganate + "" → The Khaganate (0)",
  "Khanate + "Ardalia" → Khanate of Ardalia (0)",
  "Khanate + "Lorvan" → Khanate of Lorvan (0)",
  "Khanate + "Kisorszag" → Khanate of Kisorszag (0)",
  "Khanate + "Nova Terra" → Khanate of Nova Terra (0)",
  "Khanate + "Ash-Kar" → Khanate of Ash-Kar (0)",
  "Khanate + "" → The Khanate (0)",
  "Kingdom + "Ardalia" → Kingdom of Ardalia (0)",
  "Kingdom + "Lorvan" → Kingdom of Lorvan (0)",
  "Kingdom + "Kisorszag" → Kingdom of Kisorszag (0)",
  "Kingdom + "Nova Terra" → Kingdom of Nova Terra (0)",
  "Kingdom + "Ash-Kar" → Kingdom of Ash-Kar (0)",
  "Kingdom + "" → The Kingdom (0)",
  "Marches + "Ardalia" → Ardalian Marches (0)",
  "Marches + "Lorvan" → Lorvanese Marches (2)",
  "Marches + "Kisorszag" → Kis Marches (0)",
  "Marches + "Nova Terra" → Marches of Nova Terra (0)",
  "Marches + "Ash-Kar" → Marches of Ash-Kar (0)",
  "Marches + "" → The Marches (0)",
  "Principality + "Ardalia" → Principality of Ardalia (0)",
  "Principality + "Lorvan" → Principality of Lorvan (0)",
  "Principality + "Kisorszag" → Principality of Kisorszag (0)",
  "Principality + "Nova Terra" → Principality of Nova Terra (0)",
  "Principality + "Ash-Kar" → Principality of Ash-Kar (0)",
  "Principality + "" → The Principality (0)",
  "Satrapy + "Ardalia" → Satrapy of Ardalia (0)",
  "Satrapy + "Lorvan" → Satrapy of Lorvan (0)",
  "Satrapy + "Kisorszag" → Satrapy of Kisorszag (0)",
  "Satrapy + "Nova Terra" → Satrapy of Nova Terra (0)",
  "Satrapy + "Ash-Kar" → Satrapy of Ash-Kar (0)",
  "Satrapy + "" → The Satrapy (0)",
  "Shogunate + "Ardalia" → Ardalian Shogunate (0)",
  "Shogunate + "Lorvan" → Lorvanese Shogunate (2)",
  "Shogunate + "Kisorszag" → Kis Shogunate (0)",
  "Shogunate + "Nova Terra" → Shogunate of Nova Terra (0)",
  "Shogunate + "Ash-Kar" → Shogunate of Ash-Kar (0)",
  "Shogunate + "" → The Shogunate (0)",
  "Sultanate + "Ardalia" → Ardalian Sultanate (0)",
  "Sultanate + "Lorvan" → Lorvanese Sultanate (2)",
  "Sultanate + "Kisorszag" → Kis Sultanate (0)",
  "Sultanate + "Nova Terra" → Sultanate of Nova Terra (0)",
  "Sultanate + "Ash-Kar" → Sultanate of Ash-Kar (0)",
  "Sultanate + "" → The Sultanate (0)",
  "Tsardom + "Ardalia" → Tsardom of Ardalia (0)",
  "Tsardom + "Lorvan" → Tsardom of Lorvan (0)",
  "Tsardom + "Kisorszag" → Tsardom of Kisorszag (0)",
  "Tsardom + "Nova Terra" → Tsardom of Nova Terra (0)",
  "Tsardom + "Ash-Kar" → Tsardom of Ash-Kar (0)",
  "Tsardom + "" → The Tsardom (0)",
  "Ulus + "Ardalia" → Ulus of Ardalia (0)",
  "Ulus + "Lorvan" → Ulus of Lorvan (0)",
  "Ulus + "Kisorszag" → Ulus of Kisorszag (0)",
  "Ulus + "Nova Terra" → Ulus of Nova Terra (0)",
  "Ulus + "Ash-Kar" → Ulus of Ash-Kar (0)",
  "Ulus + "" → The Ulus (0)",
  "Viceroyalty + "Ardalia" → Viceroyalty of Ardalia (0)",
  "Viceroyalty + "Lorvan" → Viceroyalty of Lorvan (0)",
  "Viceroyalty + "Kisorszag" → Viceroyalty of Kisorszag (0)",
  "Viceroyalty + "Nova Terra" → Viceroyalty of Nova Terra (0)",
  "Viceroyalty + "Ash-Kar" → Viceroyalty of Ash-Kar (0)",
  "Viceroyalty + "" → The Viceroyalty (0)",
  "Chancellery + "Ardalia" → Chancellery of Ardalia (0)",
  "Chancellery + "Lorvan" → Chancellery of Lorvan (0)",
  "Chancellery + "Kisorszag" → Chancellery of Kisorszag (0)",
  "Chancellery + "Nova Terra" → Chancellery of Nova Terra (0)",
  "Chancellery + "Ash-Kar" → Chancellery of Ash-Kar (0)",
  "Chancellery + "" → The Chancellery (0)",
  "City-state + "Ardalia" → City-state of Ardalia (0)",
  "City-state + "Lorvan" → City-state of Lorvan (0)",
  "City-state + "Kisorszag" → City-state of Kisorszag (0)",
  "City-state + "Nova Terra" → City-state of Nova Terra (0)",
  "City-state + "Ash-Kar" → City-state of Ash-Kar (0)",
  "City-state + "" → The City-state (0)",
  "Diarchy + "Ardalia" → Ardalian Diarchy (0)",
  "Diarchy + "Lorvan" → Lorvanese Diarchy (2)",
  "Diarchy + "Kisorszag" → Kis Diarchy (0)",
  "Diarchy + "Nova Terra" → Diarchy of Nova Terra (0)",
  "Diarchy + "Ash-Kar" → Diarchy of Ash-Kar (0)",
  "Diarchy + "" → The Diarchy (0)",
  "Federation + "Ardalia" → Federation of Ardalia (0)",
  "Federation + "Lorvan" → Federation of Lorvan (0)",
  "Federation + "Kisorszag" → Federation of Kisorszag (0)",
  "Federation + "Nova Terra" → Federation of Nova Terra (0)",
  "Federation + "Ash-Kar" → Federation of Ash-Kar (0)",
  "Federation + "" → The Federation (0)",
  "Free City + "Ardalia" → Free City of Ardalia (0)",
  "Free City + "Lorvan" → Free City of Lorvan (0)",
  "Free City + "Kisorszag" → Free City of Kisorszag (0)",
  "Free City + "Nova Terra" → Free City of Nova Terra (0)",
  "Free City + "Ash-Kar" → Free City of Ash-Kar (0)",
  "Free City + "" → The Free City (0)",
  "Junta + "Ardalia" → Junta of Ardalia (0)",
  "Junta + "Lorvan" → Junta of Lorvan (0)",
  "Junta + "Kisorszag" → Junta of Kisorszag (0)",
  "Junta + "Nova Terra" → Junta of Nova Terra (0)",
  "Junta + "Ash-Kar" → Junta of Ash-Kar (0)",
  "Junta + "" → The Junta (0)",
  "Most Serene Republic + "Ardalia" → Most Serene Republic of Ardalia (0)",
  "Most Serene Republic + "Lorvan" → Most Serene Republic of Lorvan (0)",
  "Most Serene Republic + "Kisorszag" → Most Serene Republic of Kisorszag (0)",
  "Most Serene Republic + "Nova Terra" → Most Serene Republic of Nova Terra (0)",
  "Most Serene Republic + "Ash-Kar" → Most Serene Republic of Ash-Kar (0)",
  "Most Serene Republic + "" → The Most Serene Republic (0)",
  "Oligarchy + "Ardalia" → Ardalian Oligarchy (0)",
  "Oligarchy + "Lorvan" → Lorvanese Oligarchy (2)",
  "Oligarchy + "Kisorszag" → Kis Oligarchy (0)",
  "Oligarchy + "Nova Terra" → Oligarchy of Nova Terra (0)",
  "Oligarchy + "Ash-Kar" → Oligarchy of Ash-Kar (0)",
  "Oligarchy + "" → The Oligarchy (0)",
  "Protectorate + "Ardalia" → Protectorate of Ardalia (0)",
  "Protectorate + "Lorvan" → Protectorate of Lorvan (0)",
  "Protectorate + "Kisorszag" → Protectorate of Kisorszag (0)",
  "Protectorate + "Nova Terra" → Protectorate of Nova Terra (0)",
  "Protectorate + "Ash-Kar" → Protectorate of Ash-Kar (0)",
  "Protectorate + "" → The Protectorate (0)",
  "Republic + "Ardalia" → Republic of Ardalia (0)",
  "Republic + "Lorvan" → Republic of Lorvan (0)",
  "Republic + "Kisorszag" → Republic of Kisorszag (0)",
  "Republic + "Nova Terra" → Republic of Nova Terra (0)",
  "Republic + "Ash-Kar" → Republic of Ash-Kar (0)",
  "Republic + "" → The Republic (0)",
  "Tetrarchy + "Ardalia" → Ardalian Tetrarchy (0)",
  "Tetrarchy + "Lorvan" → Lorvanese Tetrarchy (2)",
  "Tetrarchy + "Kisorszag" → Kis Tetrarchy (0)",
  "Tetrarchy + "Nova Terra" → Tetrarchy of Nova Terra (0)",
  "Tetrarchy + "Ash-Kar" → Tetrarchy of Ash-Kar (0)",
  "Tetrarchy + "" → The Tetrarchy (0)",
  "Trade Company + "Ardalia" → Ardalian Trade Company (0)",
  "Trade Company + "Lorvan" → Lorvanese Trade Company (2)",
  "Trade Company + "Kisorszag" → Kis Trade Company (0)",
  "Trade Company + "Nova Terra" → Trade Company of Nova Terra (0)",
  "Trade Company + "Ash-Kar" → Trade Company of Ash-Kar (0)",
  "Trade Company + "" → The Trade Company (0)",
  "Triumvirate + "Ardalia" → Ardalian Triumvirate (0)",
  "Triumvirate + "Lorvan" → Lorvanese Triumvirate (2)",
  "Triumvirate + "Kisorszag" → Kis Triumvirate (0)",
  "Triumvirate + "Nova Terra" → Triumvirate of Nova Terra (0)",
  "Triumvirate + "Ash-Kar" → Triumvirate of Ash-Kar (0)",
  "Triumvirate + "" → The Triumvirate (0)",
  "Confederacy + "Ardalia" → Confederacy of Ardalia (0)",
  "Confederacy + "Lorvan" → Confederacy of Lorvan (0)",
  "Confederacy + "Kisorszag" → Confederacy of Kisorszag (0)",
  "Confederacy + "Nova Terra" → Confederacy of Nova Terra (0)",
  "Confederacy + "Ash-Kar" → Confederacy of Ash-Kar (0)",
  "Confederacy + "" → The Confederacy (0)",
  "Confederation + "Ardalia" → Ardalian Confederation (0)",
  "Confederation + "Lorvan" → Lorvanese Confederation (2)",
  "Confederation + "Kisorszag" → Kis Confederation (0)",
  "Confederation + "Nova Terra" → Confederation of Nova Terra (0)",
  "Confederation + "Ash-Kar" → Confederation of Ash-Kar (0)",
  "Confederation + "" → The Confederation (0)",
  "Conglomerate + "Ardalia" → Conglomerate of Ardalia (0)",
  "Conglomerate + "Lorvan" → Conglomerate of Lorvan (0)",
  "Conglomerate + "Kisorszag" → Conglomerate of Kisorszag (0)",
  "Conglomerate + "Nova Terra" → Conglomerate of Nova Terra (0)",
  "Conglomerate + "Ash-Kar" → Conglomerate of Ash-Kar (0)",
  "Conglomerate + "" → The Conglomerate (0)",
  "Commonwealth + "Ardalia" → Commonwealth of Ardalia (0)",
  "Commonwealth + "Lorvan" → Commonwealth of Lorvan (0)",
  "Commonwealth + "Kisorszag" → Commonwealth of Kisorszag (0)",
  "Commonwealth + "Nova Terra" → Commonwealth of Nova Terra (0)",
  "Commonwealth + "Ash-Kar" → Commonwealth of Ash-Kar (0)",
  "Commonwealth + "" → The Commonwealth (0)",
  "League + "Ardalia" → Ardalian League (0)",
  "League + "Lorvan" → Lorvanese League (2)",
  "League + "Kisorszag" → Kis League (0)",
  "League + "Nova Terra" → League of Nova Terra (0)",
  "League + "Ash-Kar" → League of Ash-Kar (0)",
  "League + "" → The League (0)",
  "Union + "Ardalia" → Ardalian Union (0)",
  "Union + "Lorvan" → Lorvanese Union (2)",
  "Union + "Kisorszag" → Kis Union (0)",
  "Union + "Nova Terra" → Union of Nova Terra (0)",
  "Union + "Ash-Kar" → Union of Ash-Kar (0)",
  "Union + "" → The Union (0)",
  "United Hordes + "Ardalia" → United Hordes of Ardalia (0)",
  "United Hordes + "Lorvan" → United Hordes of Lorvan (0)",
  "United Hordes + "Kisorszag" → United Hordes of Kisorszag (0)",
  "United Hordes + "Nova Terra" → United Hordes of Nova Terra (0)",
  "United Hordes + "Ash-Kar" → United Hordes of Ash-Kar (0)",
  "United Hordes + "" → The United Hordes (0)",
  "United Kingdom + "Ardalia" → United Kingdom of Ardalia (0)",
  "United Kingdom + "Lorvan" → United Kingdom of Lorvan (0)",
  "United Kingdom + "Kisorszag" → United Kingdom of Kisorszag (0)",
  "United Kingdom + "Nova Terra" → United Kingdom of Nova Terra (0)",
  "United Kingdom + "Ash-Kar" → United Kingdom of Ash-Kar (0)",
  "United Kingdom + "" → The United Kingdom (0)",
  "United Provinces + "Ardalia" → United Provinces of Ardalia (0)",
  "United Provinces + "Lorvan" → United Provinces of Lorvan (0)",
  "United Provinces + "Kisorszag" → United Provinces of Kisorszag (0)",
  "United Provinces + "Nova Terra" → United Provinces of Nova Terra (0)",
  "United Provinces + "Ash-Kar" → United Provinces of Ash-Kar (0)",
  "United Provinces + "" → The United Provinces (0)",
  "United Republic + "Ardalia" → United Republic of Ardalia (0)",
  "United Republic + "Lorvan" → United Republic of Lorvan (0)",
  "United Republic + "Kisorszag" → United Republic of Kisorszag (0)",
  "United Republic + "Nova Terra" → United Republic of Nova Terra (0)",
  "United Republic + "Ash-Kar" → United Republic of Ash-Kar (0)",
  "United Republic + "" → The United Republic (0)",
  "United States + "Ardalia" → United States of Ardalia (0)",
  "United States + "Lorvan" → United States of Lorvan (0)",
  "United States + "Kisorszag" → United States of Kisorszag (0)",
  "United States + "Nova Terra" → United States of Nova Terra (0)",
  "United States + "Ash-Kar" → United States of Ash-Kar (0)",
  "United States + "" → The United States (0)",
  "United Tribes + "Ardalia" → United Tribes of Ardalia (0)",
  "United Tribes + "Lorvan" → United Tribes of Lorvan (0)",
  "United Tribes + "Kisorszag" → United Tribes of Kisorszag (0)",
  "United Tribes + "Nova Terra" → United Tribes of Nova Terra (0)",
  "United Tribes + "Ash-Kar" → United Tribes of Ash-Kar (0)",
  "United Tribes + "" → The United Tribes (0)",
  "Bishopric + "Ardalia" → Bishopric of Ardalia (0)",
  "Bishopric + "Lorvan" → Bishopric of Lorvan (0)",
  "Bishopric + "Kisorszag" → Bishopric of Kisorszag (0)",
  "Bishopric + "Nova Terra" → Bishopric of Nova Terra (0)",
  "Bishopric + "Ash-Kar" → Bishopric of Ash-Kar (0)",
  "Bishopric + "" → The Bishopric (0)",
  "Brotherhood + "Ardalia" → Brotherhood of Ardalia (0)",
  "Brotherhood + "Lorvan" → Brotherhood of Lorvan (0)",
  "Brotherhood + "Kisorszag" → Brotherhood of Kisorszag (0)",
  "Brotherhood + "Nova Terra" → Brotherhood of Nova Terra (0)",
  "Brotherhood + "Ash-Kar" → Brotherhood of Ash-Kar (0)",
  "Brotherhood + "" → The Brotherhood (0)",
  "Caliphate + "Ardalia" → Ardalian Caliphate (0)",
  "Caliphate + "Lorvan" → Lorvanese Caliphate (2)",
  "Caliphate + "Kisorszag" → Kis Caliphate (0)",
  "Caliphate + "Nova Terra" → Caliphate of Nova Terra (0)",
  "Caliphate + "Ash-Kar" → Caliphate of Ash-Kar (0)",
  "Caliphate + "" → The Caliphate (0)",
  "Diocese + "Ardalia" → Diocese of Ardalia (0)",
  "Diocese + "Lorvan" → Diocese of Lorvan (0)",
  "Diocese + "Kisorszag" → Diocese of Kisorszag (0)",
  "Diocese + "Nova Terra" → Diocese of Nova Terra (0)",
  "Diocese + "Ash-Kar" → Diocese of Ash-Kar (0)",
  "Diocese + "" → The Diocese (0)",
  "Divine Duchy + "Ardalia" → Divine Duchy of Ardalia (0)",
  "Divine Duchy + "Lorvan" → Divine Duchy of Lorvan (0)",
  "Divine Duchy + "Kisorszag" → Divine Duchy of Kisorszag (0)",
  "Divine Duchy + "Nova Terra" → Divine Duchy of Nova Terra (0)",
  "Divine Duchy + "Ash-Kar" → Divine Duchy of Ash-Kar (0)",
  "Divine Duchy + "" → The Divine Duchy (0)",
  "Divine Grand Duchy + "Ardalia" → Divine Grand Duchy of Ardalia (0)",
  "Divine Grand Duchy + "Lorvan" → Divine Grand Duchy of Lorvan (0)",
  "Divine Grand Duchy + "Kisorszag" → Divine Grand Duchy of Kisorszag (0)",
  "Divine Grand Duchy + "Nova Terra" → Divine Grand Duchy of Nova Terra (0)",
  "Divine Grand Duchy + "Ash-Kar" → Divine Grand Duchy of Ash-Kar (0)",
  "Divine Grand Duchy + "" → The Divine Grand Duchy (0)",
  "Divine Principality + "Ardalia" → Divine Principality of Ardalia (0)",
  "Divine Principality + "Lorvan" → Divine Principality of Lorvan (0)",
  "Divine Principality + "Kisorszag" → Divine Principality of Kisorszag (0)",
  "Divine Principality + "Nova Terra" → Divine Principality of Nova Terra (0)",
  "Divine Principality + "Ash-Kar" → Divine Principality of Ash-Kar (0)",
  "Divine Principality + "" → The Divine Principality (0)",
  "Divine Kingdom + "Ardalia" → Divine Kingdom of Ardalia (0)",
  "Divine Kingdom + "Lorvan" → Divine Kingdom of Lorvan (0)",
  "Divine Kingdom + "Kisorszag" → Divine Kingdom of Kisorszag (0)",
  "Divine Kingdom + "Nova Terra" → Divine Kingdom of Nova Terra (0)",
  "Divine Kingdom + "Ash-Kar" → Divine Kingdom of Ash-Kar (0)",
  "Divine Kingdom + "" → The Divine Kingdom (0)",
  "Divine Empire + "Ardalia" → Divine Empire of Ardalia (0)",
  "Divine Empire + "Lorvan" → Divine Empire of Lorvan (0)",
  "Divine Empire + "Kisorszag" → Divine Empire of Kisorszag (0)",
  "Divine Empire + "Nova Terra" → Divine Empire of Nova Terra (0)",
  "Divine Empire + "Ash-Kar" → Divine Empire of Ash-Kar (0)",
  "Divine Empire + "" → The Divine Empire (0)",
  "Eparchy + "Ardalia" → Eparchy of Ardalia (0)",
  "Eparchy + "Lorvan" → Eparchy of Lorvan (0)",
  "Eparchy + "Kisorszag" → Eparchy of Kisorszag (0)",
  "Eparchy + "Nova Terra" → Eparchy of Nova Terra (0)",
  "Eparchy + "Ash-Kar" → Eparchy of Ash-Kar (0)",
  "Eparchy + "" → The Eparchy (0)",
  "Exarchate + "Ardalia" → Exarchate of Ardalia (0)",
  "Exarchate + "Lorvan" → Exarchate of Lorvan (0)",
  "Exarchate + "Kisorszag" → Exarchate of Kisorszag (0)",
  "Exarchate + "Nova Terra" → Exarchate of Nova Terra (0)",
  "Exarchate + "Ash-Kar" → Exarchate of Ash-Kar (0)",
  "Exarchate + "" → The Exarchate (0)",
  "Holy State + "Ardalia" → Holy State of Ardalia (0)",
  "Holy State + "Lorvan" → Holy State of Lorvan (0)",
  "Holy State + "Kisorszag" → Holy State of Kisorszag (0)",
  "Holy State + "Nova Terra" → Holy State of Nova Terra (0)",
  "Holy State + "Ash-Kar" → Holy State of Ash-Kar (0)",
  "Holy State + "" → The Holy State (0)",
  "Imamah + "Ardalia" → Imamah of Ardalia (0)",
  "Imamah + "Lorvan" → Imamah of Lorvan (0)",
  "Imamah + "Kisorszag" → Imamah of Kisorszag (0)",
  "Imamah + "Nova Terra" → Imamah of Nova Terra (0)",
  "Imamah + "Ash-Kar" → Imamah of Ash-Kar (0)",
  "Imamah + "" → The Imamah (0)",
  "Patriarchate + "Ardalia" → Patriarchate of Ardalia (0)",
  "Patriarchate + "Lorvan" → Patriarchate of Lorvan (0)",
  "Patriarchate + "Kisorszag" → Patriarchate of Kisorszag (0)",
  "Patriarchate + "Nova Terra" → Patriarchate of Nova Terra (0)",
  "Patriarchate + "Ash-Kar" → Patriarchate of Ash-Kar (0)",
  "Patriarchate + "" → The Patriarchate (0)",
  "See + "Ardalia" → See of Ardalia (0)",
  "See + "Lorvan" → See of Lorvan (0)",
  "See + "Kisorszag" → See of Kisorszag (0)",
  "See + "Nova Terra" → See of Nova Terra (0)",
  "See + "Ash-Kar" → See of Ash-Kar (0)",
  "See + "" → The See (0)",
  "Thearchy + "Ardalia" → Thearchy of Ardalia (0)",
  "Thearchy + "Lorvan" → Thearchy of Lorvan (0)",
  "Thearchy + "Kisorszag" → Thearchy of Kisorszag (0)",
  "Thearchy + "Nova Terra" → Thearchy of Nova Terra (0)",
  "Thearchy + "Ash-Kar" → Thearchy of Ash-Kar (0)",
  "Thearchy + "" → The Thearchy (0)",
  "Theocracy + "Ardalia" → Ardalian Theocracy (0)",
  "Theocracy + "Lorvan" → Lorvanese Theocracy (2)",
  "Theocracy + "Kisorszag" → Kis Theocracy (0)",
  "Theocracy + "Nova Terra" → Theocracy of Nova Terra (0)",
  "Theocracy + "Ash-Kar" → Theocracy of Ash-Kar (0)",
  "Theocracy + "" → The Theocracy (0)",
  "Commune + "Ardalia" → Commune of Ardalia (0)",
  "Commune + "Lorvan" → Commune of Lorvan (0)",
  "Commune + "Kisorszag" → Commune of Kisorszag (0)",
  "Commune + "Nova Terra" → Commune of Nova Terra (0)",
  "Commune + "Ash-Kar" → Commune of Ash-Kar (0)",
  "Commune + "" → The Commune (0)",
  "Community + "Ardalia" → Community of Ardalia (0)",
  "Community + "Lorvan" → Community of Lorvan (0)",
  "Community + "Kisorszag" → Community of Kisorszag (0)",
  "Community + "Nova Terra" → Community of Nova Terra (0)",
  "Community + "Ash-Kar" → Community of Ash-Kar (0)",
  "Community + "" → The Community (0)",
  "Council + "Ardalia" → Council of Ardalia (0)",
  "Council + "Lorvan" → Council of Lorvan (0)",
  "Council + "Kisorszag" → Council of Kisorszag (0)",
  "Council + "Nova Terra" → Council of Nova Terra (0)",
  "Council + "Ash-Kar" → Council of Ash-Kar (0)",
  "Council + "" → The Council (0)",
  "Free Territory + "Ardalia" → Free Territory of Ardalia (0)",
  "Free Territory + "Lorvan" → Free Territory of Lorvan (0)",
  "Free Territory + "Kisorszag" → Free Territory of Kisorszag (0)",
  "Free Territory + "Nova Terra" → Free Territory of Nova Terra (0)",
  "Free Territory + "Ash-Kar" → Free Territory of Ash-Kar (0)",
  "Free Territory + "" → The Free Territory (0)",
  "Tribes + "Ardalia" → Tribes of Ardalia (0)",
  "Tribes + "Lorvan" → Tribes of Lorvan (0)",
  "Tribes + "Kisorszag" → Tribes of Kisorszag (0)",
  "Tribes + "Nova Terra" → Tribes of Nova Terra (0)",
  "Tribes + "Ash-Kar" → Tribes of Ash-Kar (0)",
  "Tribes + "" → The Tribes (0)",
  "no form + "Ardalia" → Ardalia",
]
`;
